user@user-Aspire-A315-56:~$ !!
sudo /opt/lampp/lampp start
[sudo] пароль для user: 

[1]+  Остановлен    sudo /opt/lampp/lampp start
user@user-Aspire-A315-56:~$ whoami
user
user@user-Aspire-A315-56:~$ who
user     tty7         2022-11-07 22:59 (:0)
user@user-Aspire-A315-56:~$ groups
user adm cdrom sudo dip www-data plugdev lpadmin sambashare docker
user@user-Aspire-A315-56:~$ sudo su
[sudo] пароль для user:            
root@user-Aspire-A315-56:/home/user# whoami
root
root@user-Aspire-A315-56:/home/user# exit
exit
user@user-Aspire-A315-56:~$ whoami 
user
user@user-Aspire-A315-56:~$ apt update
Сущ:1 http://deb.anydesk.com all InRelease
Сущ:2 http://archive.ubuntu.com/ubuntu focal InRelease                         
Сущ:3 https://linux.teamviewer.com/deb stable InRelease                        
Сущ:4 http://security.ubuntu.com/ubuntu focal-security InRelease               
Сущ:5 http://archive.ubuntu.com/ubuntu focal-updates InRelease                 
Сущ:6 http://packages.microsoft.com/repos/code stable InRelease                
Сущ:7 https://repo.skype.com/deb stable InRelease                              
Игн:8 http://packages.linuxmint.com una InRelease                              
Сущ:9 http://archive.ubuntu.com/ubuntu focal-backports InRelease               
Сущ:10 http://archive.canonical.com/ubuntu focal InRelease                     
Сущ:11 http://packages.linuxmint.com una Release                               
Игн:12 https://download.docker.com/linux/ubuntu una InRelease                  
Сущ:13 https://deb.nodesource.com/node_17.x focal InRelease                    
Ошб:14 https://download.docker.com/linux/ubuntu una Release                    
  404  Not Found [IP: 52.85.49.87 443]
Чтение списков пакетов… Готово            
E: Репозиторий «https://download.docker.com/linux/ubuntu una Release» не содержит файла Release.
N: Обновление из этого репозитория нельзя выполнить безопасным способом, поэтому по умолчанию он отключён.
N: Информацию о создании репозитория и настройках пользователя смотрите в справочной странице apt-secure(8).
user@user-Aspire-A315-56:~$ sudo apt update
Сущ:1 https://deb.nodesource.com/node_17.x focal InRelease
Сущ:2 http://deb.anydesk.com all InRelease                                     
Сущ:3 http://archive.ubuntu.com/ubuntu focal InRelease                         
Сущ:4 http://archive.canonical.com/ubuntu focal InRelease                      
Сущ:5 https://linux.teamviewer.com/deb stable InRelease                        
Сущ:6 http://packages.microsoft.com/repos/code stable InRelease                
Сущ:7 http://archive.ubuntu.com/ubuntu focal-updates InRelease                 
Сущ:8 http://archive.ubuntu.com/ubuntu focal-backports InRelease               
Сущ:9 https://repo.skype.com/deb stable InRelease                              
Сущ:10 http://security.ubuntu.com/ubuntu focal-security InRelease              
Игн:11 http://packages.linuxmint.com una InRelease                             
Игн:12 https://download.docker.com/linux/ubuntu una InRelease                  
Сущ:13 http://packages.linuxmint.com una Release                               
Ошб:14 https://download.docker.com/linux/ubuntu una Release                    
  404  Not Found [IP: 52.85.49.87 443]
Чтение списков пакетов… Готово            
E: Репозиторий «https://download.docker.com/linux/ubuntu una Release» не содержит файла Release.
N: Обновление из этого репозитория нельзя выполнить безопасным способом, поэтому по умолчанию он отключён.
N: Информацию о создании репозитория и настройках пользователя смотрите в справочной странице apt-secure(8).
user@user-Aspire-A315-56:~$ useradd --help
Использование: useradd [параметры] ПОЛЬЗОВАТЕЛЬ
               useradd -D
               useradd -D [параметры]

Параметры:
      --badnames                do not check for bad names
  -b, --base-dir БАЗ_КАТ        базовый каталог для домашнего каталога новой
                                учётной записи
      --btrfs-subvolume-home    use BTRFS subvolume for home directory
  -c, --comment КОММЕНТАРИЙ     поле GECOS новой учётной записи
  -d, --home-dir ДОМ_КАТ        домашний каталог новой учётной записи
  -D, --defaults                показать или изменить настройки
                                по умолчанию для useradd
  -e, --expiredate ДАТА_УСТ     дата устаревания новой учётной записи
  -f, --inactive НЕАКТИВНОСТЬ   период неактивности пароля новой учётной записи
  -g, --gid ГРУППА              имя или ID первичной группы новой
                                учётной записи
  -G, --groups ГРУППЫ           список дополнительных групп новой
                                учётной записи
  -h, --help                    показать данное сообщение и закончить работу
  -k, --skel КАБ_ШАБ            использовать альтернативный каталог с шаблонами
  -K, --key КЛЮЧ=ЗНАЧЕНИЕ       заменить значение по умолчанию
                                из /etc/login.defs
  -l, --no-log-init             не добавлять пользователя в базы данных lastlog и
                                faillog
  -m, --create-home             создать домашний каталог пользователя
  -M, --no-create-home          не создавать домашний каталог пользователя
  -N, --no-user-group           не создавать группу с тем же именем что и у
                                пользователя
  -o, --non-unique              разрешить создание пользователей с
                                повторяющимися (не уникальными) UID
  -p, --password ПАРОЛЬ         зашифрованный пароль новой учётной записи
  -r, --system                  создавать системную группу
  -R, --root КАТ_CHROOT         каталог, в который выполняется chroot
  -P, --prefix PREFIX_DIR       prefix directory where are located the /etc/* files
  -s, --shell ОБОЛОЧКА          регистрационная оболочка новой
                                учётной записи
  -u, --uid UID                 пользовательский ID новой учётной записи
  -U, --user-group              создать группу с тем же именем что и у
                                пользователя
  -Z, --selinux-user SEUSER     использовать указанного SEUSER для
                                пользовательского сопоставления SELinux
      --extrausers              Use the extra users database

user@user-Aspire-A315-56:~$ sudo useradd -s /bin/bash user1
user@user-Aspire-A315-56:~$ sudo useradd -s /bin/bash -m -d /home/user2 user2
user@user-Aspire-A315-56:~$ sudo adduser user44
Добавляется пользователь «user44» ...
Добавляется новая группа «user44» (1004) ...
Добавляется новый пользователь «user44» (1003) в группу «user44» ...
Создаётся домашний каталог «/home/user44» ...
Копирование файлов из «/etc/skel» ...
Новый пароль : 
Повторите ввод нового пароля : 
passwd: пароль успешно обновлён
Изменение информации о пользователе user44
Введите новое значение или нажмите ENTER для выбора значения по умолчанию
	Полное имя []: 
	Номер комнаты []: 
	Рабочий телефон []: 
	Домашний телефон []: 
	Другое []: 
Данная информация корректна? [Y/n] y
user@user-Aspire-A315-56:~$ su user44
Пароль: 
user44@user-Aspire-A315-56:/home/user$ whoami 
user44
user44@user-Aspire-A315-56:/home/user$ su user
Пароль: 
user@user-Aspire-A315-56:~$ useradd -D
GROUP=100
HOME=/home
INACTIVE=-1
EXPIRE=
SHELL=/bin/sh
SKEL=/etc/skel
CREATE_MAIL_SPOOL=no
user@user-Aspire-A315-56:~$ 
user@user-Aspire-A315-56:~$ more etc/passwd
more: выполение команды stat для etc/passwd завершилось неудачно: Нет такого файла или каталога
user@user-Aspire-A315-56:~$ more etc/passwd
more: выполение команды stat для etc/passwd завершилось неудачно: Нет такого файла или каталога
user@user-Aspire-A315-56:~$ cd etc
bash: cd: etc: Нет такого файла или каталога
user@user-Aspire-A315-56:~$ more /etc/passwd
root:x:0:0:root:/root:/bin/bash
daemon:x:1:1:daemon:/usr/sbin:/usr/sbin/nologin
bin:x:2:2:bin:/bin:/usr/sbin/nologin
sys:x:3:3:sys:/dev:/usr/sbin/nologin
sync:x:4:65534:sync:/bin:/bin/sync
games:x:5:60:games:/usr/games:/usr/sbin/nologin
man:x:6:12:man:/var/cache/man:/usr/sbin/nologin
lp:x:7:7:lp:/var/spool/lpd:/usr/sbin/nologin
mail:x:8:8:mail:/var/mail:/usr/sbin/nologin
news:x:9:9:news:/var/spool/news:/usr/sbin/nologin
uucp:x:10:10:uucp:/var/spool/uucp:/usr/sbin/nologin
proxy:x:13:13:proxy:/bin:/usr/sbin/nologin
www-data:x:33:33:www-data:/var/www:/usr/sbin/nologin
backup:x:34:34:backup:/var/backups:/usr/sbin/nologin
list:x:38:38:Mailing List Manager:/var/list:/usr/sbin/nologin
irc:x:39:39:ircd:/var/run/ircd:/usr/sbin/nologin
gnats:x:41:41:Gnats Bug-Reporting System (admin):/var/lib/gnats:/usr/sbin/nologi
n
nobody:x:65534:65534:nobody:/nonexistent:/usr/sbin/nologin
systemd-network:x:100:102:systemd Network Management,,,:/run/systemd:/usr/sbin/n
ologin
systemd-resolve:x:101:103:systemd Resolver,,,:/run/systemd:/usr/sbin/nologin
systemd-timesync:x:102:104:systemd Time Synchronization,,,:/run/systemd:/usr/sbi
n/nologin
messagebus:x:103:106::/nonexistent:/usr/sbin/nologin
syslog:x:104:110::/home/syslog:/usr/sbin/nologin
_apt:x:105:65534::/nonexistent:/usr/sbin/nologin
tss:x:106:111:TPM software stack,,,:/var/lib/tpm:/bin/false
rtkit:x:107:112:RealtimeKit,,,:/proc:/usr/sbin/nologin
systemd-coredump:x:108:113:systemd Core Dumper,,,:/run/systemd:/usr/sbin/nologin
kernoops:x:109:65534:Kernel Oops Tracking Daemon,,,:/:/usr/sbin/nologin
uuidd:x:110:118::/run/uuidd:/usr/sbin/nologin
cups-pk-helper:x:111:114:user for cups-pk-helper service,,,:/home/cups-pk-helper
:/usr/sbin/nologin
tcpdump:x:112:120::/nonexistent:/usr/sbin/nologin
geoclue:x:113:122::/var/lib/geoclue:/usr/sbin/nologin
avahi-autoipd:x:114:123:Avahi autoip daemon,,,:/var/lib/avahi-autoipd:/usr/sbin/
nologin
usbmux:x:115:46:usbmux daemon,,,:/var/lib/usbmux:/usr/sbin/nologin
dnsmasq:x:116:65534:dnsmasq,,,:/var/lib/misc:/usr/sbin/nologin
_flatpak:x:117:125:Flatpak system-wide installation helper,,,:/nonexistent:/usr/
sbin/nologin
avahi:x:118:126:Avahi mDNS daemon,,,:/var/run/avahi-daemon:/usr/sbin/nologin
saned:x:119:127::/var/lib/saned:/usr/sbin/nologin
lightdm:x:120:128:Light Display Manager:/var/lib/lightdm:/bin/false
colord:x:121:130:colord colour management daemon,,,:/var/lib/colord:/usr/sbin/no
login
pulse:x:122:131:PulseAudio daemon,,,:/var/run/pulse:/usr/sbin/nologin
speech-dispatcher:x:123:29:Speech Dispatcher,,,:/run/speech-dispatcher:/bin/fals
e
nm-openvpn:x:124:133:NetworkManager OpenVPN,,,:/var/lib/openvpn/chroot:/usr/sbin
/nologin
hplip:x:125:7:HPLIP system user,,,:/run/hplip:/bin/false
user:x:1000:1000:user,,,:/home/user:/bin/bash
strongswan:x:126:65534::/var/lib/strongswan:/usr/sbin/nologin
sshd:x:127:65534::/run/sshd:/usr/sbin/nologin
mysql:x:128:136:MySQL Server,,,:/nonexistent:/bin/false
nx:x:129:1001::/var/NX/nx:/etc/NX/nxserver
fwupd-refresh:x:130:137:fwupd-refresh user,,,:/run/systemd:/usr/sbin/nologin
user1:x:1001:1002::/home/user1:/bin/bash
user2:x:1002:1003::/home/user2:/bin/bash
user44:x:1003:1004:,,,:/home/user44:/bin/bash
user@user-Aspire-A315-56:~$ more /etc/group
root:x:0:
daemon:x:1:
bin:x:2:
sys:x:3:
adm:x:4:syslog,user
tty:x:5:syslog
disk:x:6:
lp:x:7:
mail:x:8:
news:x:9:
uucp:x:10:
man:x:12:
proxy:x:13:
kmem:x:15:
dialout:x:20:
fax:x:21:
voice:x:22:
cdrom:x:24:user
floppy:x:25:
tape:x:26:
sudo:x:27:user
audio:x:29:pulse
dip:x:30:user
www-data:x:33:user,root
backup:x:34:
operator:x:37:
list:x:38:
irc:x:39:
src:x:40:
gnats:x:41:
shadow:x:42:
utmp:x:43:
video:x:44:
sasl:x:45:
plugdev:x:46:user
staff:x:50:
games:x:60:
users:x:100:
nogroup:x:65534:
systemd-journal:x:101:
systemd-network:x:102:
systemd-resolve:x:103:
systemd-timesync:x:104:
crontab:x:105:
messagebus:x:106:
input:x:107:
kvm:x:108:
render:x:109:
syslog:x:110:
tss:x:111:
rtkit:x:112:
systemd-coredump:x:113:
lpadmin:x:114:user
bluetooth:x:115:
ssl-cert:x:116:
netdev:x:117:
uuidd:x:118:
mlocate:x:119:
tcpdump:x:120:
ssh:x:121:
geoclue:x:122:
avahi-autoipd:x:123:
scanner:x:124:saned
_flatpak:x:125:
avahi:x:126:
saned:x:127:
lightdm:x:128:
nopasswdlogin:x:129:
colord:x:130:
pulse:x:131:
pulse-access:x:132:
nm-openvpn:x:133:
user:x:1000:
sambashare:x:134:user
docker:x:135:user
mysql:x:136:
nx:x:1001:
fwupd-refresh:x:137:
user1:x:1002:
user2:x:1003:
user44:x:1004:
user@user-Aspire-A315-56:~$ 
user@user-Aspire-A315-56:~$ 
user@user-Aspire-A315-56:~$ 
user@user-Aspire-A315-56:~$ 
user@user-Aspire-A315-56:~$ 
user@user-Aspire-A315-56:~$ 
user@user-Aspire-A315-56:~$ 
user@user-Aspire-A315-56:~$ 
user@user-Aspire-A315-56:~$ 
user@user-Aspire-A315-56:~$ 
user@user-Aspire-A315-56:~$ 
user@user-Aspire-A315-56:~$ 
user@user-Aspire-A315-56:~$ 
user@user-Aspire-A315-56:~$ 
user@user-Aspire-A315-56:~$ 
user@user-Aspire-A315-56:~$ 
user@user-Aspire-A315-56:~$ 
user@user-Aspire-A315-56:~$ 
user@user-Aspire-A315-56:~$ 
user@user-Aspire-A315-56:~$ more /etc/shadow
more: невозможно открыть /etc/shadow: Отказано в доступе
user@user-Aspire-A315-56:~$ sudo more /etc/shadow
[sudo] пароль для user:            
root:!:18954:0:99999:7:::
daemon:*:18811:0:99999:7:::
bin:*:18811:0:99999:7:::
sys:*:18811:0:99999:7:::
sync:*:18811:0:99999:7:::
games:*:18811:0:99999:7:::
man:*:18811:0:99999:7:::
lp:*:18811:0:99999:7:::
mail:*:18811:0:99999:7:::
news:*:18811:0:99999:7:::
uucp:*:18811:0:99999:7:::
proxy:*:18811:0:99999:7:::
www-data:*:18811:0:99999:7:::
backup:*:18811:0:99999:7:::
list:*:18811:0:99999:7:::
irc:*:18811:0:99999:7:::
gnats:*:18811:0:99999:7:::
nobody:*:18811:0:99999:7:::
systemd-network:*:18811:0:99999:7:::
systemd-resolve:*:18811:0:99999:7:::
systemd-timesync:*:18811:0:99999:7:::
messagebus:*:18811:0:99999:7:::
syslog:*:18811:0:99999:7:::
_apt:*:18811:0:99999:7:::
tss:*:18811:0:99999:7:::
rtkit:*:18811:0:99999:7:::
systemd-coredump:*:18811:0:99999:7:::
kernoops:*:18811:0:99999:7:::
uuidd:*:18811:0:99999:7:::
cups-pk-helper:*:18811:0:99999:7:::
tcpdump:*:18811:0:99999:7:::
geoclue:*:18811:0:99999:7:::
avahi-autoipd:*:18811:0:99999:7:::
usbmux:*:18811:0:99999:7:::
dnsmasq:*:18811:0:99999:7:::
_flatpak:*:18811:0:99999:7:::
avahi:*:18811:0:99999:7:::
saned:*:18811:0:99999:7:::
lightdm:*:18811:0:99999:7:::
colord:*:18811:0:99999:7:::
pulse:*:18811:0:99999:7:::
speech-dispatcher:!:18811:0:99999:7:::
nm-openvpn:*:18811:0:99999:7:::
hplip:*:18811:0:99999:7:::
user:$6$fEB2ViPw9FBN9Afm$8Ir0P1KY7Iwq3lvdYup.ygU154YpOtGGDzT2pk48xnOnkAS72rEC8eJ
kmQQIxmYRvxFMPr7QP2nFju.UMbNF.1:18954:0:99999:7:::
strongswan:*:19038:0:99999:7:::
sshd:*:19051:0:99999:7:::
mysql:!:19052:0:99999:7:::
nx:*:19072:0:99999:7:::
fwupd-refresh:*:19291:0:99999:7:::
user1:!:19303:0:99999:7:::
user2:!:19303:0:99999:7:::
user44:$6$.hQzRNDlAl./OgoM$lpWS83e9TARxCg4hE2q8Yp5nKn9s8O5Zi00aWsf1UNoEP4GIXxQrK
eOcZl6hI7r85l8HKrbFWZV8Jb/BgB5yc.:19303:0:99999:7:::
user@user-Aspire-A315-56:~$ 
user@user-Aspire-A315-56:~$ 
user@user-Aspire-A315-56:~$ 
user@user-Aspire-A315-56:~$ 
user@user-Aspire-A315-56:~$ 
user@user-Aspire-A315-56:~$ 
user@user-Aspire-A315-56:~$ 
user@user-Aspire-A315-56:~$ 
user@user-Aspire-A315-56:~$ 
user@user-Aspire-A315-56:~$ 
user@user-Aspire-A315-56:~$ 
user@user-Aspire-A315-56:~$ 
user@user-Aspire-A315-56:~$ 
user@user-Aspire-A315-56:~$ 
user@user-Aspire-A315-56:~$ userdel --help
Использование: userdel [параметры] ПОЛЬЗОВАТЕЛЬ

Параметры:
  -f, --force                   удалять файлы, даже если они
                                не принадлежат пользователю
  -h, --help                    показать данное сообщение и закончить работу
  -r, --remove                  удалить домашний каталог и почтовый ящик
  -R, --root КАТ_CHROOT         каталог, в который выполняется chroot
  -P, --prefix PREFIX_DIR       prefix directory where are located the /etc/* files
      --extrausers              Use the extra users database
  -Z, --selinux-user            удалить все пользовательские сопоставления
                                SELinux для пользователя

user@user-Aspire-A315-56:~$ ls /home
user  user2  user44
user@user-Aspire-A315-56:~$ sudo userdel user2
user@user-Aspire-A315-56:~$ ls /home
user  user2  user44
user@user-Aspire-A315-56:~$ sudo userdel user44 -rf
userdel: user user44 is currently used by process 7735
userdel: почтовый ящик user44 (/var/mail/user44) не найден
user@user-Aspire-A315-56:~$ ls /home
user  user2
user@user-Aspire-A315-56:~$ usermode --help

Команда «usermode» не найдена. Возможно, вы имели в виду:

  command 'usermod' from deb passwd (1:4.8.1-1ubuntu5.20.04.2)

Try: sudo apt install <deb name>

user@user-Aspire-A315-56:~$ sudo adduser user10
Добавляется пользователь «user10» ...
Добавляется новая группа «user10» (1003) ...
Добавляется новый пользователь «user10» (1002) в группу «user10» ...
Создаётся домашний каталог «/home/user10» ...
Копирование файлов из «/etc/skel» ...
Новый пароль : 
Повторите ввод нового пароля : 
passwd: пароль успешно обновлён
Изменение информации о пользователе user10
Введите новое значение или нажмите ENTER для выбора значения по умолчанию
	Полное имя []: 
	Номер комнаты []: 
	Рабочий телефон []: 
	Домашний телефон []: 
	Другое []: 
Данная информация корректна? [Y/n] y
user@user-Aspire-A315-56:~$ whoami 
user
user@user-Aspire-A315-56:~$ su user10
Пароль: 
user10@user-Aspire-A315-56:/home/user$ usermod --help
Использование: usermod [параметры] ПОЛЬЗОВАТЕЛЬ

Параметры:
  -b, --badnames                allow bad names
  -c, --comment КОММЕНТАРИЙ     новое значение поля GECOS
  -d, --home ДОМ_КАТ            новый домашний каталог учётной записи
  -e, --expiredate ДАТА_УСТ     установить дату окончания действия
                                учётной записи в ДАТА_УСТ
  -f, --inactive НЕАКТИВНОСТЬ   установить период неактивности пароля после
                                устаревания учётной записи равным НЕАКТИВНОСТЬ
  -g, --gid ГРУППА              принудительно назначить первичную ГРУППУ
  -G, --groups ГРУППЫ           список дополнительных ГРУПП
  -a, --append                  добавить пользователя в дополнительные
                                ГРУППЫ, указанные в параметре -G не удаляя
                                пользователя из других групп
  -h, --help                    показать данное сообщение и закончить работу
  -l, --login НОВОЕ_ИМЯ         новое значение имени учётной записи
  -L, --lock                    заблокировать учётную запись
  -m, --move-home               переместить содержимое домашнего каталога в
                                новое место (использовать только вместе с -d)
  -o, --non-unique              разрешить создание учётной записи с уже
                                имеющимся (не уникальным) UID
  -p, --password ПАРОЛЬ         задать новый шифрованный пароль для
                                учётной записи
  -R, --root КАТ_CHROOT         каталог, в который выполняется chroot
  -P, --prefix PREFIX_DIR       prefix directory where are located the /etc/* files
  -s, --shell ОБОЛОЧКА          новая регистрационная оболочка для учётной
                                записи
  -u, --uid UID                 новый UID для учётной записи
  -U, --unlock                  разблокировать учётную запись
  -v, --add-subuids ПЕРВ-ПОСЛ   добавить диапазон подчинённых uid
  -V, --del-subuids ПЕРВ-ПОСЛ   удалить диапазон подчинённых uid
  -w, --add-subgids ПЕРВ-ПОСЛ   добавить диапазон подчинённых gid
  -W, --del-subgids ПЕРВ-ПОСЛ   удалить диапазон подчинённых gid
  -Z, --selinux-user SEUSER     новое пользовательское сопоставление
                                SELinux для учётной записи

user10@user-Aspire-A315-56:/home/user$ exit
exit
user@user-Aspire-A315-56:~$ sudo usermod -L user10
user@user-Aspire-A315-56:~$ su user10
Пароль: 
su: Сбой при проверке подлинности
user@user-Aspire-A315-56:~$ sudo tail /etc/shadow
nm-openvpn:*:18811:0:99999:7:::
hplip:*:18811:0:99999:7:::
user:$6$fEB2ViPw9FBN9Afm$8Ir0P1KY7Iwq3lvdYup.ygU154YpOtGGDzT2pk48xnOnkAS72rEC8eJkmQQIxmYRvxFMPr7QP2nFju.UMbNF.1:18954:0:99999:7:::
strongswan:*:19038:0:99999:7:::
sshd:*:19051:0:99999:7:::
mysql:!:19052:0:99999:7:::
nx:*:19072:0:99999:7:::
fwupd-refresh:*:19291:0:99999:7:::
user1:!:19303:0:99999:7:::
user10:!$6$br4hx.EV6ju4Q.V5$BB1fOxOE0XdZiAeUuUr/1eGmO/NmZksVSLMWJwT8ildiwCemK2XtuleOjhf2/PMLGoGikiiBItDEsv9hbc5V91:19303:0:99999:7:::
user@user-Aspire-A315-56:~$ sudo usermod -U user10
user@user-Aspire-A315-56:~$ sudo tail /etc/shadow
nm-openvpn:*:18811:0:99999:7:::
hplip:*:18811:0:99999:7:::
user:$6$fEB2ViPw9FBN9Afm$8Ir0P1KY7Iwq3lvdYup.ygU154YpOtGGDzT2pk48xnOnkAS72rEC8eJkmQQIxmYRvxFMPr7QP2nFju.UMbNF.1:18954:0:99999:7:::
strongswan:*:19038:0:99999:7:::
sshd:*:19051:0:99999:7:::
mysql:!:19052:0:99999:7:::
nx:*:19072:0:99999:7:::
fwupd-refresh:*:19291:0:99999:7:::
user1:!:19303:0:99999:7:::
user10:$6$br4hx.EV6ju4Q.V5$BB1fOxOE0XdZiAeUuUr/1eGmO/NmZksVSLMWJwT8ildiwCemK2XtuleOjhf2/PMLGoGikiiBItDEsv9hbc5V91:19303:0:99999:7:::
user@user-Aspire-A315-56:~$ su user10
Пароль: 
user10@user-Aspire-A315-56:/home/user$ whoami 
user10
user10@user-Aspire-A315-56:/home/user$ exit
exit
user@user-Aspire-A315-56:~$ whoami 
user
user@user-Aspire-A315-56:~$ su user10
Пароль: 
user10@user-Aspire-A315-56:/home/user$ sudo apt update
[sudo] пароль для user10:            
Пользователю user10 запрещено выполнять '/usr/local/bin/apt update' с правами root на user-Aspire-A315-56.
user10@user-Aspire-A315-56:/home/user$ exit
exit
user@user-Aspire-A315-56:~$ groups student
groups: «student»: такого пользователя нет
user@user-Aspire-A315-56:~$ groups user10
user10 : user10
user@user-Aspire-A315-56:~$ sudo usermod -a -G sudo user10
user@user-Aspire-A315-56:~$ su user10
Пароль: 
To run a command as administrator (user "root"), use "sudo <command>".
See "man sudo_root" for details.

user10@user-Aspire-A315-56:/home/user$ sudo apt update
[sudo] пароль для user10:            
Сущ:1 https://deb.nodesource.com/node_17.x focal InRelease
Сущ:2 http://deb.anydesk.com all InRelease                                     
Сущ:3 http://archive.canonical.com/ubuntu focal InRelease                      
Сущ:4 https://linux.teamviewer.com/deb stable InRelease                        
Сущ:5 https://repo.skype.com/deb stable InRelease                              
Сущ:6 http://packages.microsoft.com/repos/code stable InRelease                
Сущ:7 http://archive.ubuntu.com/ubuntu focal InRelease                         
Игн:8 http://packages.linuxmint.com una InRelease                              
Сущ:9 http://archive.ubuntu.com/ubuntu focal-updates InRelease                 
Игн:10 https://download.docker.com/linux/ubuntu una InRelease                  
Сущ:11 http://security.ubuntu.com/ubuntu focal-security InRelease              
Сущ:12 http://archive.ubuntu.com/ubuntu focal-backports InRelease              
Сущ:13 http://packages.linuxmint.com una Release                               
Ошб:14 https://download.docker.com/linux/ubuntu una Release                    
  404  Not Found [IP: 108.156.22.86 443]
Чтение списков пакетов… Готово            
E: Репозиторий «https://download.docker.com/linux/ubuntu una Release» не содержит файла Release.
N: Обновление из этого репозитория нельзя выполнить безопасным способом, поэтому по умолчанию он отключён.
N: Информацию о создании репозитория и настройках пользователя смотрите в справочной странице apt-secure(8).
user10@user-Aspire-A315-56:/home/user$ exit
exit
user@user-Aspire-A315-56:~$ sudo deluser user10 sudo
Удаляется пользователь «user10» из группы «sudo» ...
Готово.
user@user-Aspire-A315-56:~$ group user10

Команда «group» не найдена. Возможно, вы имели в виду:

  command 'groups' from deb coreutils (8.30-3ubuntu2)
  command 'grop' from deb grop (2:0.10-1.1build1)

Try: sudo apt install <deb name>

user@user-Aspire-A315-56:~$ groups user10
user10 : user10
user@user-Aspire-A315-56:~$ sudo more /etc/sudoers
#
# This file MUST be edited with the 'visudo' command as root.
#
# Please consider adding local content in /etc/sudoers.d/ instead of
# directly modifying this file.
#
# See the man page for details on how to write a sudoers file.
#
Defaults	env_reset
Defaults	mail_badpass
Defaults	secure_path="/usr/local/sbin:/usr/local/bin:/usr/sbin:/usr/bin:/
sbin:/bin:/snap/bin"

# Host alias specification

# User alias specification

# Cmnd alias specification

# User privilege specification
root	ALL=(ALL:ALL) ALL

# Members of the admin group may gain root privileges
%admin ALL=(ALL) ALL

# Allow members of group sudo to execute any command
%sudo	ALL=(ALL:ALL) ALL

# See sudoers(5) for more information on "#include" directives:

#includedir /etc/sudoers.d
user@user-Aspire-A315-56:~$ 
user@user-Aspire-A315-56:~$ whatis visudo 
visudo (8)           - edit the sudoers file
user@user-Aspire-A315-56:~$ groupadd --help
Использование: groupadd [параметры] ГРУППА

Параметры:
  -f, --force                   закончить работу без ошибки, если группа
                                существует и отменить -g, если GID уже
                                используется
  -g, --gid GID                 для новой группы использовать указанный GID
  -h, --help                    показать данное сообщение и закончить работу
  -K, --key КЛЮЧ=ЗНАЧЕНИЕ       заменить значение по умолчанию
                                из /etc/login.defs
  -o, --non-unique              разрешить создание групп с повторяющимся
                                (не уникальным) GID
  -p, --password ПАРОЛЬ         использовать этот шифрованный пароль для
                                новой группы
  -r, --system                  создавать системную группу
  -R, --root КАТ_CHROOT         каталог, в который выполняется chroot
  -P, --prefix PREFIX_DIR       directory prefix
      --extrausers              Use the extra users database

user@user-Aspire-A315-56:~$ sudo groupadd dev_team
user@user-Aspire-A315-56:~$ tail /etc/group
nm-openvpn:x:133:
user:x:1000:
sambashare:x:134:user
docker:x:135:user
mysql:x:136:
nx:x:1001:
fwupd-refresh:x:137:
user1:x:1002:
user10:x:1003:
dev_team:x:1004:
user@user-Aspire-A315-56:~$ sudo usermod -aG dev_team  user10
user@user-Aspire-A315-56:~$ groups user10
user10 : user10 dev_team
user@user-Aspire-A315-56:~$ sudo groupdel dev_team
user@user-Aspire-A315-56:~$ tail /etc/group
pulse-access:x:132:
nm-openvpn:x:133:
user:x:1000:
sambashare:x:134:user
docker:x:135:user
mysql:x:136:
nx:x:1001:
fwupd-refresh:x:137:
user1:x:1002:
user10:x:1003:
user@user-Aspire-A315-56:~$
